# RTL_ID 22011200
#
# Events:
#    N - no event
#    E - exception
#    I - interrupt
#    W - wakeup
# =====================================================================================
# : Core Reset
# =====================================================================================
# Test: illegal.hex
#           Time   Ev  Curr_PC    Instr      Next_PC    Reg        Value     
# =====================================================================================
               3   N   00000000   00000000   00000f00   ---        --------
               6   N   00000f00   0000e101   00000f04   x10_a0     00000000
               7   N   00000f04   00004e01   00000f06   ---        --------
               8   N   00000f06   00000297   00000f08   x28_t3     00000000
               9   N   00000f08   bf828293   00000f0c   x05_t0     00000f08
              10   N   00000f0c   30529073   00000f10   x05_t0     00000b00
              11   N   00000f10   00004505   00000f14   ---        --------
              12   N   00000f14   0000057e   00000f16   x10_a0     00000001
              13   N   00000f16   00054863   00000f18   x10_a0     80000000
              14   N   00000f18   0ff0000f   00000f28   ---        --------
              17   N   00000f28   00028f63   00000f2c   x05_t0     00000000
              18   N   00000f2c   10529073   00000f4a   ---        --------
              22   N   00000f4a   00006509   00000f4e   ---        --------
              23   N   00000f4e   00006509   00000f4e   ---        --------
              24   N   00000f4e   80050513   00000f50   x10_a0     00002000
              25   N   00000f50   30052073   00000f54   x10_a0     00001800
              26   N   00000f54   00001297   00000f58   ---        --------
              27   N   00000f58   00001297   00000f58   ---        --------
              28   N   00000f58   fc028293   00000f5c   x05_t0     00001f58
              29   N   00000f5c   34129073   00000f60   x05_t0     00001f18
              30   N   00000f60   f1402573   00000f64   ---        --------
              31   N   00000f64   30200073   00000f68   x10_a0     00000000
              33   N   00000f68   00000000   00001f18   ---        --------
              36   N   00001f18   00000000   00001f1c   x28_t3     00000002
              37   E   00001f1c   00000000   00000b00   mstatus    00001800
              37   E   00001f1c   00000000   00000b00   mepc       00001f1c
              37   E   00001f1c   00000000   00000b00   mcause     00000002
              37   E   00001f1c   00000000   00000b00   mtval      00000000
              40   N   00000b00   000047a1   00000b04   x14_a4     00000002
              41   N   00000b04   04f70263   00000b06   x15_a5     00000008
              42   N   00000b06   000047a5   00000b0a   ---        --------
              43   N   00000b0a   02f70f63   00000b0c   x15_a5     00000009
              44   N   00000b0c   000047ad   00000b10   ---        --------
              45   N   00000b10   02f70c63   00000b12   x15_a5     0000000b
              46   N   00000b12   47ad0837   00000b16   ---        --------
              48   N   00000b16   02f71897   00000b1a   x16_a6     f0000000
              50   N   00000b1a   f0008893   00000b1e   x17_a7     00001b1a
              52   N   00000b1e   00008783   00000b22   x17_a7     00001f00
              55   N   00000b22   0000c791   00000b26   x15_a5     00000069
              56   N   00000b26   00f82023   00000b28   ---        --------
              58   N   00000b28   00000885   00000b2c   ---        --------
              59   N   00000b2c   ff5ff06f   00000b2e   x17_a7     00001f01
              60   N   00000b2e   08851717   00000b22   ---        --------
              65   N   00000b22   0000c791   00000b26   x15_a5     0000006e
              66   N   00000b26   00f82023   00000b28   ---        --------
              68   N   00000b28   00000885   00000b2c   ---        --------
              69   N   00000b2c   ff5ff06f   00000b2e   x17_a7     00001f02
              70   N   00000b2e   08851717   00000b22   ---        --------
              75   N   00000b22   0000c791   00000b26   x15_a5     00000063
              76   N   00000b26   00f82023   00000b28   ---        --------
              78   N   00000b28   00000885   00000b2c   ---        --------
              79   N   00000b2c   ff5ff06f   00000b2e   x17_a7     00001f03
              80   N   00000b2e   08851717   00000b22   ---        --------
              85   N   00000b22   0000c791   00000b26   x15_a5     0000006f
              86   N   00000b26   00f82023   00000b28   ---        --------
              88   N   00000b28   00000885   00000b2c   ---        --------
              89   N   00000b2c   ff5ff06f   00000b2e   x17_a7     00001f04
              90   N   00000b2e   08851717   00000b22   ---        --------
              95   N   00000b22   0000c791   00000b26   x15_a5     00000072
              96   N   00000b26   00f82023   00000b28   ---        --------
              98   N   00000b28   00000885   00000b2c   ---        --------
              99   N   00000b2c   ff5ff06f   00000b2e   x17_a7     00001f05
             100   N   00000b2e   08851717   00000b22   ---        --------
             105   N   00000b22   0000c791   00000b26   x15_a5     00000072
             106   N   00000b26   00f82023   00000b28   ---        --------
             108   N   00000b28   00000885   00000b2c   ---        --------
             109   N   00000b2c   ff5ff06f   00000b2e   x17_a7     00001f06
             110   N   00000b2e   08851717   00000b22   ---        --------
             115   N   00000b22   0000c791   00000b26   x15_a5     00000065
             116   N   00000b26   00f82023   00000b28   ---        --------
             118   N   00000b28   00000885   00000b2c   ---        --------
             119   N   00000b2c   ff5ff06f   00000b2e   x17_a7     00001f07
             120   N   00000b2e   08851717   00000b22   ---        --------
             125   N   00000b22   0000c791   00000b26   x15_a5     00000063
             126   N   00000b26   00f82023   00000b28   ---        --------
             128   N   00000b28   00000885   00000b2c   ---        --------
             129   N   00000b2c   ff5ff06f   00000b2e   x17_a7     00001f08
             130   N   00000b2e   08851717   00000b22   ---        --------
             135   N   00000b22   0000c791   00000b26   x15_a5     00000074
             136   N   00000b26   00f82023   00000b28   ---        --------
             138   N   00000b28   00000885   00000b2c   ---        --------
             139   N   00000b2c   ff5ff06f   00000b2e   x17_a7     00001f09
             140   N   00000b2e   08851717   00000b22   ---        --------
             145   N   00000b22   0000c791   00000b26   x15_a5     00000020
             146   N   00000b26   00f82023   00000b28   ---        --------
             148   N   00000b28   00000885   00000b2c   ---        --------
             149   N   00000b2c   ff5ff06f   00000b2e   x17_a7     00001f0a
             150   N   00000b2e   08851717   00000b22   ---        --------
             155   N   00000b22   0000c791   00000b26   x15_a5     00000069
             156   N   00000b26   00f82023   00000b28   ---        --------
             158   N   00000b28   00000885   00000b2c   ---        --------
             159   N   00000b2c   ff5ff06f   00000b2e   x17_a7     00001f0b
             160   N   00000b2e   08851717   00000b22   ---        --------
             165   N   00000b22   0000c791   00000b26   x15_a5     0000006e
             166   N   00000b26   00f82023   00000b28   ---        --------
             168   N   00000b28   00000885   00000b2c   ---        --------
             169   N   00000b2c   ff5ff06f   00000b2e   x17_a7     00001f0c
             170   N   00000b2e   08851717   00000b22   ---        --------
             175   N   00000b22   0000c791   00000b26   x15_a5     00000073
             176   N   00000b26   00f82023   00000b28   ---        --------
             178   N   00000b28   00000885   00000b2c   ---        --------
             179   N   00000b2c   ff5ff06f   00000b2e   x17_a7     00001f0d
             180   N   00000b2e   08851717   00000b22   ---        --------
             185   N   00000b22   0000c791   00000b26   x15_a5     00000074
             186   N   00000b26   00f82023   00000b28   ---        --------
             188   N   00000b28   00000885   00000b2c   ---        --------
             189   N   00000b2c   ff5ff06f   00000b2e   x17_a7     00001f0e
             190   N   00000b2e   08851717   00000b22   ---        --------
             195   N   00000b22   0000c791   00000b26   x15_a5     00000072
             196   N   00000b26   00f82023   00000b28   ---        --------
             198   N   00000b28   00000885   00000b2c   ---        --------
             199   N   00000b2c   ff5ff06f   00000b2e   x17_a7     00001f0f
             200   N   00000b2e   08851717   00000b22   ---        --------
             205   N   00000b22   0000c791   00000b26   x15_a5     00000075
             206   N   00000b26   00f82023   00000b28   ---        --------
             208   N   00000b28   00000885   00000b2c   ---        --------
             209   N   00000b2c   ff5ff06f   00000b2e   x17_a7     00001f10
             210   N   00000b2e   08851717   00000b22   ---        --------
             215   N   00000b22   0000c791   00000b26   x15_a5     00000063
             216   N   00000b26   00f82023   00000b28   ---        --------
             218   N   00000b28   00000885   00000b2c   ---        --------
             219   N   00000b2c   ff5ff06f   00000b2e   x17_a7     00001f11
             220   N   00000b2e   08851717   00000b22   ---        --------
             225   N   00000b22   0000c791   00000b26   x15_a5     00000074
             226   N   00000b26   00f82023   00000b28   ---        --------
             228   N   00000b28   00000885   00000b2c   ---        --------
             229   N   00000b2c   ff5ff06f   00000b2e   x17_a7     00001f12
             230   N   00000b2e   08851717   00000b22   ---        --------
             235   N   00000b22   0000c791   00000b26   x15_a5     00000069
             236   N   00000b26   00f82023   00000b28   ---        --------
             238   N   00000b28   00000885   00000b2c   ---        --------
             239   N   00000b2c   ff5ff06f   00000b2e   x17_a7     00001f13
             240   N   00000b2e   08851717   00000b22   ---        --------
             245   N   00000b22   0000c791   00000b26   x15_a5     0000006f
             246   N   00000b26   00f82023   00000b28   ---        --------
             248   N   00000b28   00000885   00000b2c   ---        --------
             249   N   00000b2c   ff5ff06f   00000b2e   x17_a7     00001f14
             250   N   00000b2e   08851717   00000b22   ---        --------
             255   N   00000b22   0000c791   00000b26   x15_a5     0000006e
             256   N   00000b26   00f82023   00000b28   ---        --------
             258   N   00000b28   00000885   00000b2c   ---        --------
             259   N   00000b2c   ff5ff06f   00000b2e   x17_a7     00001f15
             260   N   00000b2e   08851717   00000b22   ---        --------
             265   N   00000b22   0000c791   00000b26   x15_a5     0000000a
             266   N   00000b26   00f82023   00000b28   ---        --------
             268   N   00000b28   00000885   00000b2c   ---        --------
             269   N   00000b2c   ff5ff06f   00000b2e   x17_a7     00001f16
             270   N   00000b2e   08851717   00000b22   ---        --------
             275   N   00000b22   0000c791   00000b26   x15_a5     00000020
             276   N   00000b26   00f82023   00000b28   ---        --------
             278   N   00000b28   00000885   00000b2c   ---        --------
             279   N   00000b2c   ff5ff06f   00000b2e   x17_a7     00001f17
             280   N   00000b2e   08851717   00000b22   ---        --------
             285   N   00000b22   0000c791   00000b26   x15_a5     00000000
             286   N   00000b26   00f82023   00000b32   ---        --------
             290   N   00000b32   20230713   00000b36   x14_a4     00001b32
             292   N   00000b36   0000c311   00000b3a   x14_a4     00002100
             293   N   00000b3a   00008702   00000b3c   ---        --------
             294   N   00000b3c   34202773   00002100   ---        --------
             297   N   00002100   e6dff06f   00002140   ---        --------
             300   N   00002140   342022f3   00002144   x06_t1     00000002
             301   N   00002144   ec6296e3   00002148   x05_t0     00000002
             302   N   00002148   341022f3   0000214c   ---        --------
             303   N   0000214c   343023f3   00002150   x05_t0     00001f1c
             304   N   00002150   00038e63   00002154   x07_t2     00000000
             305   N   00002154   0002d303   00002170   ---        --------
             308   N   00002170   dac30313   00002174   x06_t1     00002170
             309   N   00002174   04628e63   00002178   x06_t1     00001f1c
             310   N   00002178   00000317   000021d4   ---        --------
             313   N   000021d4   34129073   000021d8   x05_t0     00001f24
             314   N   000021d8   30200073   000021dc   ---        --------
             316   N   000021dc   00200337   00001f24   ---        --------
             319   N   00001f24   80028293   00001f28   x05_t0     00002000
             320   N   00001f28   3002b073   00001f2c   x05_t0     00001800
             321   N   00001f2c   00001337   00001f30   ---        --------
             322   N   00001f30   00001337   00001f30   ---        --------
             323   N   00001f30   80030313   00001f34   x06_t1     00001000
             324   N   00001f34   30032073   00001f38   x06_t1     00000800
             325   N   00001f38   300023f3   00001f3c   ---        --------
             326   N   00001f3c   300023f3   00001f3c   ---        --------
             327   N   00001f3c   0053f3b3   00001f40   x07_t2     00001880
             328   N   00001f40   0e731063   00001f44   x07_t2     00001800
             329   N   00001f44   34415073   00002024   ---        --------
             332   N   00002024   000e0593   00002028   ---        --------
             333   N   00002028   00000513   0000202c   x11_a1     00000002
             334   N   0000202c   00000073   00002030   x10_a0     00000000
             335   E   00002030   00000013   00000b00   mstatus    00001800
             335   E   00002030   00000013   00000b00   mepc       00002030
             335   E   00002030   00000013   00000b00   mcause     0000000b
             335   E   00002030   00000013   00000b00   mtval      00000000
             338   N   00000b00   000047a1   00000b04   x14_a4     0000000b
             339   N   00000b04   04f70263   00000b06   x15_a5     00000008
             340   N   00000b06   000047a5   00000b0a   ---        --------
             341   N   00000b0a   02f70f63   00000b0c   x15_a5     00000009
             342   N   00000b0c   000047ad   00000b10   ---        --------
             343   N   00000b10   02f70c63   00000b12   x15_a5     0000000b
             344   N   00000b12   47ad0837   00000b4a   ---        --------
             348   N   00000b4a   08370013   000022e0   ---        --------
             351   N   000022e0   e1428293   000022e4   x05_t0     000002e0
             352   N   000022e4   00008282   000022e8   x05_t0     000000f4
             353   N   000022e8   00000013   000000f4   ---        --------
             356   N   000000f4   0000006f   000000f8   ---        --------
             357   N   000000f8   ffffffff   000000f8   ---        --------
